20. Executing LTP pass (find longest path).

Longest topological path in aegis_noc (length=46):
    0: \corrected_error_count [0]
    1: $abc$23246$new_n13391 (via $abc$23246$auto$blifparse.cc:397:parse_blif$34531)
    2: $abc$23246$new_n13392 (via $abc$23246$auto$blifparse.cc:397:parse_blif$34532)
    3: $abc$23246$new_n13394 (via $abc$23246$auto$blifparse.cc:397:parse_blif$34534)
    4: $abc$23246$new_n13404 (via $abc$23246$auto$blifparse.cc:397:parse_blif$34544)
    5: $abc$23246$new_n13406 (via $abc$23246$auto$blifparse.cc:397:parse_blif$34546)
    6: $abc$23246$new_n13410 (via $abc$23246$auto$blifparse.cc:397:parse_blif$34550)
    7: $abc$23246$new_n13412 (via $abc$23246$auto$blifparse.cc:397:parse_blif$34552)
    8: $abc$23246$new_n13413 (via $abc$23246$auto$blifparse.cc:397:parse_blif$34553)
    9: $abc$23246$new_n13424 (via $abc$23246$auto$blifparse.cc:397:parse_blif$34564)
   10: $abc$23246$new_n13425 (via $abc$23246$auto$blifparse.cc:397:parse_blif$34565)
   11: $abc$23246$new_n13426 (via $abc$23246$auto$blifparse.cc:397:parse_blif$34566)
   12: $abc$23246$new_n13433 (via $abc$23246$auto$blifparse.cc:397:parse_blif$34573)
   13: $abc$23246$new_n13435 (via $abc$23246$auto$blifparse.cc:397:parse_blif$34575)
   14: $abc$23246$new_n13440 (via $abc$23246$auto$blifparse.cc:397:parse_blif$34580)
   15: $abc$23246$new_n13442 (via $abc$23246$auto$blifparse.cc:397:parse_blif$34582)
   16: $abc$23246$new_n13444 (via $abc$23246$auto$blifparse.cc:397:parse_blif$34584)
   17: $abc$23246$new_n13445 (via $abc$23246$auto$blifparse.cc:397:parse_blif$34585)
   18: $abc$23246$new_n13448 (via $abc$23246$auto$blifparse.cc:397:parse_blif$34588)
   19: $abc$23246$new_n13449 (via $abc$23246$auto$blifparse.cc:397:parse_blif$34589)
   20: $abc$23246$new_n13452 (via $abc$23246$auto$blifparse.cc:397:parse_blif$34592)
   21: $abc$23246$new_n13453 (via $abc$23246$auto$blifparse.cc:397:parse_blif$34593)
   22: $abc$23246$new_n13456 (via $abc$23246$auto$blifparse.cc:397:parse_blif$34596)
   23: $abc$23246$new_n13457 (via $abc$23246$auto$blifparse.cc:397:parse_blif$34597)
   24: $abc$23246$new_n13460 (via $abc$23246$auto$blifparse.cc:397:parse_blif$34600)
   25: $abc$23246$new_n13461 (via $abc$23246$auto$blifparse.cc:397:parse_blif$34601)
   26: $abc$23246$new_n13464 (via $abc$23246$auto$blifparse.cc:397:parse_blif$34604)
   27: $abc$23246$new_n13465 (via $abc$23246$auto$blifparse.cc:397:parse_blif$34605)
   28: $abc$23246$new_n13468 (via $abc$23246$auto$blifparse.cc:397:parse_blif$34608)
   29: $abc$23246$new_n13469 (via $abc$23246$auto$blifparse.cc:397:parse_blif$34609)
   30: $abc$23246$new_n13472 (via $abc$23246$auto$blifparse.cc:397:parse_blif$34612)
   31: $abc$23246$new_n13473 (via $abc$23246$auto$blifparse.cc:397:parse_blif$34613)
   32: $abc$23246$new_n13476 (via $abc$23246$auto$blifparse.cc:397:parse_blif$34616)
   33: $abc$23246$new_n13477 (via $abc$23246$auto$blifparse.cc:397:parse_blif$34617)
   34: $abc$23246$new_n13480 (via $abc$23246$auto$blifparse.cc:397:parse_blif$34620)
   35: $abc$23246$new_n13481 (via $abc$23246$auto$blifparse.cc:397:parse_blif$34621)
   36: $abc$23246$new_n13484 (via $abc$23246$auto$blifparse.cc:397:parse_blif$34624)
   37: $abc$23246$new_n13485 (via $abc$23246$auto$blifparse.cc:397:parse_blif$34625)
   38: $abc$23246$new_n13488 (via $abc$23246$auto$blifparse.cc:397:parse_blif$34628)
   39: $abc$23246$new_n13489 (via $abc$23246$auto$blifparse.cc:397:parse_blif$34629)
   40: $abc$23246$new_n13492 (via $abc$23246$auto$blifparse.cc:397:parse_blif$34632)
   41: $abc$23246$new_n13493 (via $abc$23246$auto$blifparse.cc:397:parse_blif$34633)
   42: $abc$23246$new_n13496 (via $abc$23246$auto$blifparse.cc:397:parse_blif$34636)
   43: $abc$23246$new_n13497 (via $abc$23246$auto$blifparse.cc:397:parse_blif$34637)
   44: $abc$23246$new_n13870 (via $abc$23246$auto$blifparse.cc:397:parse_blif$35010)
   45: $abc$23246$new_n13872 (via $abc$23246$auto$blifparse.cc:397:parse_blif$35012)
   46: $abc$23246$auto$rtlil.cc:3497:MuxGate$23105 (via $abc$23246$auto$blifparse.cc:397:parse_blif$35013)
   ff: \corrected_error_count [31] (via $auto$ff.cc:337:slice$3064)
