18. Executing LTP pass (find longest path).

Longest topological path in baseline_noc (length=25):
    0: \u_core.g_in[0].u_fifo.rptr [0]
    1: $abc$12276$new_n2013 (via $abc$12276$auto$blifparse.cc:397:parse_blif$12403)
    2: $abc$12276$new_n2014 (via $abc$12276$auto$blifparse.cc:397:parse_blif$12404)
    3: $abc$12276$new_n2017 (via $abc$12276$auto$blifparse.cc:397:parse_blif$12407)
    4: $abc$12276$new_n2022 (via $abc$12276$auto$blifparse.cc:397:parse_blif$12412)
    5: $abc$12276$new_n2023 (via $abc$12276$auto$blifparse.cc:397:parse_blif$12413)
    6: $abc$12276$new_n2196 (via $abc$12276$auto$blifparse.cc:397:parse_blif$12586)
    7: $abc$12276$new_n2578 (via $abc$12276$auto$blifparse.cc:397:parse_blif$12968)
    8: $abc$12276$new_n2598 (via $abc$12276$auto$blifparse.cc:397:parse_blif$12988)
    9: $abc$12276$new_n2604 (via $abc$12276$auto$blifparse.cc:397:parse_blif$12994)
   10: $abc$12276$new_n2615 (via $abc$12276$auto$blifparse.cc:397:parse_blif$13005)
   11: $abc$12276$new_n2618 (via $abc$12276$auto$blifparse.cc:397:parse_blif$13008)
   12: $abc$12276$new_n2622 (via $abc$12276$auto$blifparse.cc:397:parse_blif$13012)
   13: $abc$12276$new_n5184 (via $abc$12276$auto$blifparse.cc:397:parse_blif$15574)
   14: $abc$12276$new_n5186 (via $abc$12276$auto$blifparse.cc:397:parse_blif$15576)
   15: $abc$12276$new_n6845 (via $abc$12276$auto$blifparse.cc:397:parse_blif$17235)
   16: $abc$12276$new_n6847 (via $abc$12276$auto$blifparse.cc:397:parse_blif$17237)
   17: $abc$12276$new_n6848 (via $abc$12276$auto$blifparse.cc:397:parse_blif$17238)
   18: $abc$12276$new_n6850 (via $abc$12276$auto$blifparse.cc:397:parse_blif$17240)
   19: $abc$12276$new_n6852 (via $abc$12276$auto$blifparse.cc:397:parse_blif$17242)
   20: $abc$12276$new_n6858 (via $abc$12276$auto$blifparse.cc:397:parse_blif$17248)
   21: $abc$12276$new_n7028 (via $abc$12276$auto$blifparse.cc:397:parse_blif$17418)
   22: $abc$12276$new_n7029 (via $abc$12276$auto$blifparse.cc:397:parse_blif$17419)
   23: $abc$12276$new_n7030 (via $abc$12276$auto$blifparse.cc:397:parse_blif$17420)
   24: $abc$12276$new_n7032 (via $abc$12276$auto$blifparse.cc:397:parse_blif$17422)
   25: $abc$12276$auto$rtlil.cc:3497:MuxGate$11613 (via $abc$12276$auto$blifparse.cc:397:parse_blif$17423)
   ff: \u_core.g_in[0].u_fifo.cnt [2] (via $auto$ff.cc:337:slice$2457)
